// Jest Snapshot v1, https://goo.gl/fbAQLP

exports[`components/FilterButtonSkeleton.vue has the expected html structure 1`] = `
<div
  class="button"
>
  <skeleton-stub />
</div>
`;
