// Jest Snapshot v1, https://goo.gl/fbAQLP

exports[`components/FilterButton.vue has the expected html structure 1`] = `
<button
  class="button"
  data-cy="filter-button"
  type="button"
>
  Fire
</button>
`;
