// Jest Snapshot v1, https://goo.gl/fbAQLP

exports[`components/Skeleton.vue has the expected html structure 1`] = `
<div
  class="skeleton"
/>
`;
