// Jest Snapshot v1, https://goo.gl/fbAQLP

exports[`components/ToggleSkeleton.vue has the expected html structure 1`] = `
<div
  class="container"
>
  <div
    class="card inner"
  />
</div>
`;
